inorder: 0 1 2 3 4 5 6 7 8 9 10 12 13 14 15 16 17 18 19 20 
preorder: 9 4 2 0 1 3 5 6 7 8 19 16 14 12 10 13 15 17 18 20 
postorder: 1 0 3 2 8 7 6 5 4 10 13 12 15 14 18 17 16 20 19 9 
